11-13 22:47:51.293 12041 12041 W ActivityThread: Application com.android.todolist can be debugged on port 8100...
11-13 22:47:51.832 12041 12041 D ActivityThread: add activity client record, r= ActivityRecord{abc12eb token=android.os.BinderProxy@80a8b61 {com.android.todolist/com.android.todolist.MainActivity}} token= android.os.BinderProxy@80a8b61
11-13 22:47:51.864  1998 12568 I HidataAppQoeP: foregroundUidAdd uid: 10220 name: com.android.todolist activity state: true
11-13 22:47:51.868  1998  2266 I UidCloseNrStateMachine: enter uidStateChanged, ForeGrountApp = com.android.todolist, mIsCallOn = false, mIsUsbPlugged = true
11-13 22:47:56.586 12041 12041 D ActivityThread: add activity client record, r= ActivityRecord{5043c54 token=android.os.BinderProxy@a683ad4 {com.android.todolist/com.android.todolist.ListActivity}} token= android.os.BinderProxy@a683ad4
11-13 22:47:58.484 12041 12041 D ActivityThread: Remove activity client record, r= ActivityRecord{5043c54 token=android.os.BinderProxy@a683ad4 {com.android.todolist/com.android.todolist.ListActivity}} token= android.os.BinderProxy@a683ad4
11-13 22:47:59.215 12041 12041 D ActivityThread: add activity client record, r= ActivityRecord{c18030e token=android.os.BinderProxy@aa43c52 {com.android.todolist/com.android.todolist.ListActivity}} token= android.os.BinderProxy@aa43c52
11-13 22:48:00.821 12041 12041 D ActivityThread: Remove activity client record, r= ActivityRecord{c18030e token=android.os.BinderProxy@aa43c52 {com.android.todolist/com.android.todolist.ListActivity}} token= android.os.BinderProxy@aa43c52
11-13 22:48:01.511 12041 12041 D ActivityThread: add activity client record, r= ActivityRecord{a84c3d5 token=android.os.BinderProxy@1256be9 {com.android.todolist/com.android.todolist.ListActivity}} token= android.os.BinderProxy@1256be9
11-13 22:48:31.626 12041 12041 D ActivityThread: add activity client record, r= ActivityRecord{65453d1 token=android.os.BinderProxy@c08fcc0 {com.android.todolist/com.android.todolist.MainActivity}} token= android.os.BinderProxy@c08fcc0
11-13 22:48:31.985 12041 12041 D ActivityThread: Remove activity client record, r= ActivityRecord{a84c3d5 token=android.os.BinderProxy@1256be9 {com.android.todolist/com.android.todolist.ListActivity}} token= android.os.BinderProxy@1256be9
11-13 22:48:53.958 12041 12041 D ActivityThread: add activity client record, r= ActivityRecord{41892e1 token=android.os.BinderProxy@6a08b35 {com.android.todolist/com.android.todolist.ListActivity}} token= android.os.BinderProxy@6a08b35
11-13 22:48:55.420 12041 12041 D ActivityThread: add activity client record, r= ActivityRecord{133dd5f token=android.os.BinderProxy@701ee8e {com.android.todolist/com.android.todolist.MainActivity}} token= android.os.BinderProxy@701ee8e
11-13 22:48:55.731 12041 12041 D ActivityThread: Remove activity client record, r= ActivityRecord{41892e1 token=android.os.BinderProxy@6a08b35 {com.android.todolist/com.android.todolist.ListActivity}} token= android.os.BinderProxy@6a08b35
11-13 22:48:57.410 12041 12041 D ActivityThread: add activity client record, r= ActivityRecord{fad324c token=android.os.BinderProxy@94c9230 {com.android.todolist/com.android.todolist.ListActivity}} token= android.os.BinderProxy@94c9230
11-13 22:48:57.611   662  1362 E BufferQueueProducer: [com.android.todolist/com.android.todolist.MainActivity#0]:1338: disconnect: not connected (req=1)
11-13 22:48:58.882  1166  5362 I ActivityTaskManager: START u0 {hwFlg=0x10 cmp=com.android.todolist/.MainActivity} from uid 10220
11-13 22:48:58.886  1166  5362 I ActivityTaskManager: ActivityRecord info: ActivityInfo{a1b70d9 com.android.todolist.MainActivity}
11-13 22:48:58.886  1166  5362 I HwActivityTaskManagerServiceEx: packageName:com.android.todolist,requestCode:-1,isIntercepted:false,userId:0
11-13 22:48:58.886  1166  5362 I HwActivityTaskManagerServiceEx: callingPackage:com.android.todolist
11-13 22:48:58.887  1166  5362 D ActivityTaskManager: TaskLaunchParamsModifier:task=null activity=ActivityRecord{3f5ebca u0 com.android.todolist/.MainActivity t-1} display-from-source=0 display-id=0 display-windowing-mode=1
11-13 22:48:58.888  1166  5362 D ActivityTaskManager: TaskLaunchParamsModifier:task=null activity=ActivityRecord{3f5ebca u0 com.android.todolist/.MainActivity t-1} display-from-source=0 display-id=0 display-windowing-mode=1 activity-options-fullscreen=Rect(0, 0 - 0, 0) inherit-fullscreen non-freeform-display
11-13 22:48:58.890  1166  5362 V ActivityTaskManager: addAppToken: AppWindowToken{d655058 token=Token{5c9213b ActivityRecord{3f5ebca u0 com.android.todolist/.MainActivity t9164}}} task={taskId=9164 appTokens=[AppWindowToken{a3e037b token=Token{203ef0a ActivityRecord{be00aac u0 com.android.todolist/.MainActivity t9164}}}, AppWindowToken{6299910 token=Token{6f2b9d3 ActivityRecord{e4aa7c2 u0 com.android.todolist/.MainActivity t9164}}}, AppWindowToken{58287d6 token=Token{94eaff1 ActivityRecord{72e4b98 u0 com.android.todolist/.MainActivity t9164}}}, AppWindowToken{8fdf06a token=Token{cf2ce55 ActivityRecord{d18150c u0 com.android.todolist/.ListActivity t9164}}}] mdr=false} at 2147483647
11-13 22:48:58.904   831   857 D AwareLog: iawared: WorkingsetProcessCommand subCmd = 352, userId=10220, pid=12041, com.android.todolist/.ListActivity
11-13 22:48:58.905   831   857 D AwareLog: iawared: WorkingsetStop com.android.todolist/.ListActivity
11-13 22:48:58.906   831   857 D AwareLog: iawared: WorkingsetProcessCommand subCmd = 350, userId=10220, pid=12041, com.android.todolist/.MainActivity
11-13 22:48:58.906   831   857 D AwareLog: iawared: WorkingsetSendPrereadMsg com.android.todolist/.MainActivity
11-13 22:48:58.906   831   857 D AwareLog: iawared: WorkingsetStart com.android.todolist/.MainActivity in monitor0
11-13 22:48:58.910  1166  5362 V ActivityTaskManager: Making visible and scheduling visibility: ActivityRecord{3f5ebca u0 com.android.todolist/.MainActivity t9164}
11-13 22:48:58.929 29023 29065 I AppLifeChangeSensor: CAWARENESS: activityPaused componentName = ComponentInfo{com.android.todolist/com.android.todolist.ListActivity}
11-13 22:48:58.931  1166  1438 I HwAudioServiceEx: ComponentInfo : className = com.android.todolist.ListActivity, flag=onPause, isHomeActivity=, isTop=false
11-13 22:48:58.990 12041 12041 D ActivityThread: add activity client record, r= ActivityRecord{cfdd022 token=android.os.BinderProxy@77905bd {com.android.todolist/com.android.todolist.MainActivity}} token= android.os.BinderProxy@77905bd
11-13 22:48:59.003  1166  1859 V WindowManager: addWindow: Window{f0b1a04 u0 com.android.todolist/com.android.todolist.MainActivity}
11-13 22:48:59.007  1166  1438 I HwAudioServiceEx: ComponentInfo : className = com.android.todolist.MainActivity, flag=onResume, isHomeActivity=, isTop=true
11-13 22:48:59.008 29023 29065 I AppLifeChangeSensor: CAWARENESS: activityResumed componentName = ComponentInfo{com.android.todolist/com.android.todolist.MainActivity}
11-13 22:48:59.012 12041 12230 D HiTouch_PressGestureDetector: onAttached, package=com.android.todolist, windowType=1, mHiTouchRestricted=false
11-13 22:48:59.072  1166  1385 I StatusBarDisable: setFlags what=0 which=1 pkg=Window{f0b1a04 u0 com.android.todolist/com.android.todolist.MainActivity}
11-13 22:48:59.132  1166  1388 D HwWindowManagerServiceEx: is app exit to launcher info: transit = 6, app = AppWindowToken{8fdf06a token=Token{cf2ce55 ActivityRecord{d18150c u0 com.android.todolist/.ListActivity t9164}}}, window = Window{50d93c u0 com.android.todolist/com.android.todolist.ListActivity}, mClosingApps = {AppWindowToken{8fdf06a token=Token{cf2ce55 ActivityRecord{d18150c u0 com.android.todolist/.ListActivity t9164}}}}, topOpeningApp = AppWindowToken{d655058 token=Token{5c9213b ActivityRecord{3f5ebca u0 com.android.todolist/.MainActivity t9164}}}, mExitIconBitmap = null, mExitIconHeight = -1, mExitIconWidth = -1
11-13 22:48:59.136  1166  1388 D HwWindowManagerServiceEx: is app exit to launcher info: transit = 6, app = AppWindowToken{d655058 token=Token{5c9213b ActivityRecord{3f5ebca u0 com.android.todolist/.MainActivity t9164}}}, window = Window{f0b1a04 u0 com.android.todolist/com.android.todolist.MainActivity}, mClosingApps = {AppWindowToken{8fdf06a token=Token{cf2ce55 ActivityRecord{d18150c u0 com.android.todolist/.ListActivity t9164}}}}, topOpeningApp = AppWindowToken{d655058 token=Token{5c9213b ActivityRecord{3f5ebca u0 com.android.todolist/.MainActivity t9164}}}, mExitIconBitmap = null, mExitIconHeight = -1, mExitIconWidth = -1
11-13 22:48:59.140   831   857 D AwareLog: iawared: WorkingsetProcessCommand subCmd = 351, userId=10220, pid=12041, com.android.todolist/.MainActivity
11-13 22:48:59.140   831   857 D AwareLog: iawared: WorkingsetPause com.android.todolist/.MainActivity
11-13 22:48:59.257   662  1362 E BufferQueueProducer: [com.android.todolist/com.android.todolist.ListActivity#0]:1338: disconnect: not connected (req=1)
11-13 22:48:59.284  1166  1859 W NotificationService: Toast already killed. pkg=com.android.todolist callback=android.app.ITransientNotification$Stub$Proxy@1fb3307
11-13 22:48:59.291 12041 12041 D ActivityThread: Remove activity client record, r= ActivityRecord{fad324c token=android.os.BinderProxy@94c9230 {com.android.todolist/com.android.todolist.ListActivity}} token= android.os.BinderProxy@94c9230
11-13 22:48:59.294  1166  5349 V WindowManager: removeIfPossible: Window{50d93c u0 com.android.todolist/com.android.todolist.ListActivity} callers=com.android.server.wm.WindowState.removeIfPossible:2260 com.android.server.wm.WindowManagerService.removeWindow:2027 com.android.server.wm.Session.remove:176 android.view.IWindowSession$Stub.onTransact:634 com.android.server.wm.Session.onTransact:134 
11-13 22:48:59.295  1166  5349 V WindowManager: postWindowRemoveCleanupLocked: Window{50d93c u0 com.android.todolist/com.android.todolist.ListActivity}
11-13 22:48:59.295  1166  5349 V WindowManager: Removing Window{50d93c u0 com.android.todolist/com.android.todolist.ListActivity} from AppWindowToken{8fdf06a token=Token{cf2ce55 ActivityRecord{d18150c u0 com.android.todolist/.ListActivity t9164}}}
11-13 22:48:59.299  1166  5349 V WindowManager: removeAppToken: AppWindowToken{8fdf06a token=Token{cf2ce55 ActivityRecord{d18150c u0 com.android.todolist/.ListActivity t9164}}} delayed=false Callers=com.android.server.wm.DisplayContent.removeAppToken:1204 com.android.server.wm.ActivityRecord.removeWindowContainer:1306 com.android.server.wm.ActivityStack.removeActivityFromHistoryLocked:4927 com.android.server.wm.ActivityStack.activityDestroyedLocked:5218 
11-13 22:48:59.355  1166  1388 I DebugKeepScreenOn: Releasing screen wakelock, obscured by Window{f0b1a04 u0 com.android.todolist/com.android.todolist.MainActivity}
11-13 22:49:01.141   831   857 D AwareLog: iawared: WorkingsetProcessCommand subCmd = 357, userId=10220, pid=12041, com.android.todolist/.MainActivity
11-13 22:49:01.141   831   857 D AwareLog: iawared: WorkingsetPauseCollect com.android.todolist/.MainActivity
11-13 22:49:05.493  1166  1743 V WindowManager: addWindow: Window{5cf172a u0 com.android.todolist/com.android.todolist.MainActivity}
11-13 22:49:05.539 12041 12242 D HiTouch_PressGestureDetector: onAttached, package=com.android.todolist, windowType=2, mHiTouchRestricted=false
11-13 22:49:05.632  1166  1385 I StatusBarDisable: setFlags what=0 which=1 pkg=Window{5cf172a u0 com.android.todolist/com.android.todolist.MainActivity}
11-13 22:49:07.142   831   857 D AwareLog: iawared: WorkingsetProcessCommand subCmd = 352, userId=10220, pid=12041, com.android.todolist/.MainActivity
11-13 22:49:07.143   831   857 D AwareLog: iawared: WorkingsetStop com.android.todolist/.MainActivity
11-13 22:49:07.508   662  2545 E BufferQueueProducer: [com.android.todolist/com.android.todolist.MainActivity#1]:1338: disconnect: not connected (req=1)
11-13 22:49:07.513  1166  5362 V WindowManager: removeIfPossible: Window{5cf172a u0 com.android.todolist/com.android.todolist.MainActivity} callers=com.android.server.wm.WindowState.removeIfPossible:2260 com.android.server.wm.WindowManagerService.removeWindow:2027 com.android.server.wm.Session.remove:176 android.view.IWindowSession$Stub.onTransact:634 com.android.server.wm.Session.onTransact:134 
11-13 22:49:07.518  1166  5362 V WindowManager: Not removing Window{5cf172a u0 com.android.todolist/com.android.todolist.MainActivity EXITING} due to exit animation 
11-13 22:49:07.541  1166  1385 I StatusBarDisable: setFlags what=0 which=1 pkg=Window{f0b1a04 u0 com.android.todolist/com.android.todolist.MainActivity}
11-13 22:49:07.616  1166  1388 V WindowManager: Exit animation finished in Window{5cf172a u0 com.android.todolist/com.android.todolist.MainActivity EXITING}: remove=true
11-13 22:49:07.617  1166  1388 E WindowManager: win=Window{5cf172a u0 com.android.todolist/com.android.todolist.MainActivity EXITING} destroySurfaces: appStopped=false win.mWindowRemovalAllowed=true win.mRemoveOnExit=true
11-13 22:49:07.618  1166  1388 V WindowManager: postWindowRemoveCleanupLocked: Window{5cf172a u0 com.android.todolist/com.android.todolist.MainActivity}
11-13 22:49:07.618  1166  1388 V WindowManager: Removing Window{5cf172a u0 com.android.todolist/com.android.todolist.MainActivity} from AppWindowToken{d655058 token=Token{5c9213b ActivityRecord{3f5ebca u0 com.android.todolist/.MainActivity t9164}}}
11-13 22:49:09.530  1166  1743 W NotificationService: Toast already killed. pkg=com.android.todolist callback=android.app.ITransientNotification$Stub$Proxy@fa000fb
11-13 22:49:09.588  1166  1388 I DebugKeepScreenOn: Releasing screen wakelock, obscured by Window{f0b1a04 u0 com.android.todolist/com.android.todolist.MainActivity}
11-13 22:50:09.895 29023 29067 I AppLifeChangeSensor: CAWARENESS: activityPaused componentName = ComponentInfo{com.android.todolist/com.android.todolist.MainActivity}
11-13 22:50:09.895  1166  1438 I HwAudioServiceEx: ComponentInfo : className = com.android.todolist.MainActivity, flag=onPause, isHomeActivity=, isTop=true
11-13 22:50:09.929  1998 12568 I HidataAppQoeP: foregroundUidRemove uid: 10220 name: com.android.todolist
11-13 22:50:09.947  1166  2105 V WindowManager: notifyAppStopped: AppWindowToken{d655058 token=Token{5c9213b ActivityRecord{3f5ebca u0 com.android.todolist/.MainActivity t9164}}}
11-13 22:50:10.234  1166  1859 V WindowManager: notifyAppStopped: AppWindowToken{d655058 token=Token{5c9213b ActivityRecord{3f5ebca u0 com.android.todolist/.MainActivity t9164}}}
11-13 22:50:10.272   662  1362 E BufferQueueProducer: [com.android.todolist/com.android.todolist.MainActivity#0]:1338: disconnect: not connected (req=1)
11-13 22:50:10.274  1166  2528 E WindowManager: win=Window{f0b1a04 u0 com.android.todolist/com.android.todolist.MainActivity} destroySurfaces: appStopped=true win.mWindowRemovalAllowed=false win.mRemoveOnExit=false
11-13 22:50:10.289 12041 12041 V ActivityThread: Handle window ActivityRecord{cfdd022 token=android.os.BinderProxy@77905bd {com.android.todolist/com.android.todolist.MainActivity}} visibility: false
11-13 22:50:10.706   780  1640 D iTouchService: itouch currentPackageName = com.android.todolist
11-13 22:50:10.706   780  1640 D iTouchService: itouch:app com.android.todolist is  not game app
11-13 22:50:10.706   780  1640 D iTouchService: itouch:app com.android.todolist is  not in StylusPenList
11-13 22:51:49.017  2132  2302 I APwMonitor: screen on skip front app: com.android.todolist
11-13 22:51:51.336  1166  2095 V WindowManager: notifyAppResumed: wasStopped=true AppWindowToken{d655058 token=Token{5c9213b ActivityRecord{3f5ebca u0 com.android.todolist/.MainActivity t9164}}}
11-13 22:51:51.349  1166  1438 I HwAudioServiceEx: ComponentInfo : className = com.android.todolist.MainActivity, flag=showStartingWindow, isHomeActivity=, isTop=true
11-13 22:51:51.393  1166  1438 I HwAudioServiceEx: ComponentInfo : className = com.android.todolist.MainActivity, flag=onResume, isHomeActivity=, isTop=true
11-13 22:51:51.393 29023 29064 I AppLifeChangeSensor: CAWARENESS: activityResumed componentName = ComponentInfo{com.android.todolist/com.android.todolist.MainActivity}
11-13 22:51:51.396  1998 12568 D DollieActivityManagerAdapter: [Resumed] bg:true pid:12041 uid:10220 ComponentInfo{com.android.todolist/com.android.todolist.MainActivity}
11-13 22:51:51.396  1998 12568 E DollieAdapterService: notifyActivityState pkg:com.android.todolist/com.android.todolist.MainActivity state:2 fg:true mUid:10220
11-13 22:51:51.396  1998 12568 I HidataAppQoeP: foregroundUidAdd uid: 10220 name: com.android.todolist activity state: true
11-13 22:51:51.402  1166  1388 D HwWindowManagerServiceEx: is app exit to launcher info: transit = 20, app = AppWindowToken{d655058 token=Token{5c9213b ActivityRecord{3f5ebca u0 com.android.todolist/.MainActivity t9164}}}, window = Window{f0b1a04 u0 com.android.todolist/com.android.todolist.MainActivity}, mClosingApps = {}, topOpeningApp = AppWindowToken{d655058 token=Token{5c9213b ActivityRecord{3f5ebca u0 com.android.todolist/.MainActivity t9164}}}, mExitIconBitmap = null, mExitIconHeight = -1, mExitIconWidth = -1
11-13 22:51:51.474  2132  2302 D ScenarioService: front pkg : com.android.todolist launcher: false
11-13 22:51:51.480   780  4738 D iTouchService: itouch currentPackageName = com.android.todolist
11-13 22:51:51.480   780  4738 D iTouchService: itouch:app com.android.todolist is  not game app
11-13 22:51:51.480   780  4738 D iTouchService: itouch:app com.android.todolist is  not in StylusPenList
11-13 22:51:51.488  2132  2646 I PGServer: report state:10000 event type:2 pid:0 uid:0 pkg:com.android.todolist to pid: 2132
11-13 22:51:51.490  1166  1743 V HwPhoneWindowManager: updateSystemUiColorLw window=Window{f0b1a04 u0 com.android.todolist/com.android.todolist.MainActivity},EmuiStyle=0,StatusBarColor=0xff00574b,NavigationBarColor=0xfffcfcfc, mForceNotchStatusBar=false
11-13 22:51:51.493  1166  1385 I StatusBarDisable: setFlags what=0 which=1 pkg=Window{f0b1a04 u0 com.android.todolist/com.android.todolist.MainActivity}
11-13 22:51:51.494  2132  2646 I SceneReceiver: state type: 10000 eventType:2 pid:0 uid:0 pkg:com.android.todolist
11-13 22:51:51.494  2132  2646 I PGServer: report state:10000 event type:2 pid:0 uid:0 pkg:com.android.todolist to pid: 1166
11-13 22:51:51.494  2132  2646 I PGServer: report state:10000 event type:2 pid:0 uid:0 pkg:com.android.todolist to pid: 1998
11-13 22:51:51.494  2132  2646 I PGServer: report state:10000 event type:1 pid:0 uid:0 pkg:com.android.todolist to pid: 2132
11-13 22:51:51.499  2132  2646 I SceneReceiver: state type: 10000 eventType:1 pid:0 uid:0 pkg:com.android.todolist
11-13 22:51:51.499  2132  2646 I PGServer: report state:10000 event type:1 pid:0 uid:0 pkg:com.android.todolist to pid: 1166
11-13 22:51:51.499  2132  3426 D HwThermalStateManager: current foreapp pkg : com.android.todolist
11-13 22:51:51.499  2132  3428 D ThermalTrace_ThermalRaise: current pkg:com.android.todolist
11-13 22:51:51.499  2132  2646 I PGServer: report state:10000 event type:1 pid:0 uid:0 pkg:com.android.todolist to pid: 1998
11-13 22:51:51.499  1998 22308 D HicomMonitor: notifyForegroundAppChanged: pkg:com.android.todolist
11-13 22:51:51.499  1998 22308 D Hicom_EmcomManagerService: onForegroundAppChanged, pkgName:com.android.todolist
11-13 22:51:51.526  1166  1388 V WindowManager: Removing Window{1f37a49 u0 SnapshotStartingWindow for taskId=9164} from AppWindowToken{d655058 token=Token{5c9213b ActivityRecord{3f5ebca u0 com.android.todolist/.MainActivity t9164}}}
11-13 22:51:55.348  1166  1743 I ActivityTaskManager: START u0 {hwFlg=0x10 cmp=com.android.todolist/.ListActivity (has extras)} from uid 10220
11-13 22:51:55.351  1166  1743 I ActivityTaskManager: ActivityRecord info: ActivityInfo{3804f37 com.android.todolist.ListActivity}
11-13 22:51:55.351  1166  1743 I HwActivityTaskManagerServiceEx: packageName:com.android.todolist,requestCode:-1,isIntercepted:false,userId:0
11-13 22:51:55.351  1166  1743 I HwActivityTaskManagerServiceEx: callingPackage:com.android.todolist
11-13 22:51:55.352  1166  1743 D ActivityTaskManager: TaskLaunchParamsModifier:task=null activity=ActivityRecord{21612df u0 com.android.todolist/.ListActivity t-1} display-from-source=0 display-id=0 display-windowing-mode=1
11-13 22:51:55.353  1166  1743 D ActivityTaskManager: TaskLaunchParamsModifier:task=null activity=ActivityRecord{21612df u0 com.android.todolist/.ListActivity t-1} display-from-source=0 display-id=0 display-windowing-mode=1 activity-options-fullscreen=Rect(0, 0 - 0, 0) non-freeform-display maximized-bounds
11-13 22:51:55.356  1166  1743 V ActivityTaskManager: addAppToken: AppWindowToken{561f9f5 token=Token{4a02b2c ActivityRecord{21612df u0 com.android.todolist/.ListActivity t9164}}} task={taskId=9164 appTokens=[AppWindowToken{a3e037b token=Token{203ef0a ActivityRecord{be00aac u0 com.android.todolist/.MainActivity t9164}}}, AppWindowToken{6299910 token=Token{6f2b9d3 ActivityRecord{e4aa7c2 u0 com.android.todolist/.MainActivity t9164}}}, AppWindowToken{58287d6 token=Token{94eaff1 ActivityRecord{72e4b98 u0 com.android.todolist/.MainActivity t9164}}}, AppWindowToken{d655058 token=Token{5c9213b ActivityRecord{3f5ebca u0 com.android.todolist/.MainActivity t9164}}}] mdr=false} at 2147483647
11-13 22:51:55.373   831   857 D AwareLog: iawared: WorkingsetProcessCommand subCmd = 350, userId=10220, pid=12041, com.android.todolist/.ListActivity
11-13 22:51:55.373   831   857 D AwareLog: iawared: WorkingsetSendPrereadMsg com.android.todolist/.ListActivity
11-13 22:51:55.373   831   857 D AwareLog: iawared: WorkingsetStart com.android.todolist/.ListActivity in monitor0
11-13 22:51:55.384  1166  2079 V ActivityTaskManager: Making visible and scheduling visibility: ActivityRecord{21612df u0 com.android.todolist/.ListActivity t9164}
11-13 22:51:55.394  1166  1438 I HwAudioServiceEx: ComponentInfo : className = com.android.todolist.MainActivity, flag=onPause, isHomeActivity=, isTop=false
11-13 22:51:55.395 29023 29064 I AppLifeChangeSensor: CAWARENESS: activityPaused componentName = ComponentInfo{com.android.todolist/com.android.todolist.MainActivity}
11-13 22:51:55.395  1998 12568 D DollieActivityManagerAdapter: [Paused] pid:12041 uid:10220 ComponentInfo{com.android.todolist/com.android.todolist.MainActivity} uidState:2
11-13 22:51:55.482 12041 12041 D ActivityThread: add activity client record, r= ActivityRecord{24f2173 token=android.os.BinderProxy@16a6c6b {com.android.todolist/com.android.todolist.ListActivity}} token= android.os.BinderProxy@16a6c6b
11-13 22:51:55.490  1166  2079 V WindowManager: addWindow: Window{acc611d u0 com.android.todolist/com.android.todolist.ListActivity}
11-13 22:51:55.492 29023 29064 I AppLifeChangeSensor: CAWARENESS: activityResumed componentName = ComponentInfo{com.android.todolist/com.android.todolist.ListActivity}
11-13 22:51:55.492  1166  1438 I HwAudioServiceEx: ComponentInfo : className = com.android.todolist.ListActivity, flag=onResume, isHomeActivity=, isTop=true
11-13 22:51:55.493  1998 12568 D DollieActivityManagerAdapter: [Resumed] bg:false pid:12041 uid:10220 ComponentInfo{com.android.todolist/com.android.todolist.ListActivity}
11-13 22:51:55.493  1998 12568 E DollieAdapterService: notifyActivityState pkg:com.android.todolist/com.android.todolist.ListActivity state:2 fg:true mUid:10220
11-13 22:51:55.500 12041 12926 D HiTouch_PressGestureDetector: onAttached, package=com.android.todolist, windowType=1, mHiTouchRestricted=false
11-13 22:51:55.508  1166  1385 I StatusBarDisable: setFlags what=0 which=1 pkg=Window{acc611d u0 com.android.todolist/com.android.todolist.ListActivity}
11-13 22:51:55.533  1166  1388 D HwWindowManagerServiceEx: is app exit to launcher info: transit = 6, app = AppWindowToken{d655058 token=Token{5c9213b ActivityRecord{3f5ebca u0 com.android.todolist/.MainActivity t9164}}}, window = Window{f0b1a04 u0 com.android.todolist/com.android.todolist.MainActivity}, mClosingApps = {AppWindowToken{d655058 token=Token{5c9213b ActivityRecord{3f5ebca u0 com.android.todolist/.MainActivity t9164}}}}, topOpeningApp = AppWindowToken{561f9f5 token=Token{4a02b2c ActivityRecord{21612df u0 com.android.todolist/.ListActivity t9164}}}, mExitIconBitmap = null, mExitIconHeight = -1, mExitIconWidth = -1
11-13 22:51:55.537  1166  1388 D HwWindowManagerServiceEx: is app exit to launcher info: transit = 6, app = AppWindowToken{561f9f5 token=Token{4a02b2c ActivityRecord{21612df u0 com.android.todolist/.ListActivity t9164}}}, window = Window{acc611d u0 com.android.todolist/com.android.todolist.ListActivity}, mClosingApps = {AppWindowToken{d655058 token=Token{5c9213b ActivityRecord{3f5ebca u0 com.android.todolist/.MainActivity t9164}}}}, topOpeningApp = AppWindowToken{561f9f5 token=Token{4a02b2c ActivityRecord{21612df u0 com.android.todolist/.ListActivity t9164}}}, mExitIconBitmap = null, mExitIconHeight = -1, mExitIconWidth = -1
11-13 22:51:55.541   831   857 D AwareLog: iawared: WorkingsetProcessCommand subCmd = 351, userId=10220, pid=12041, com.android.todolist/.ListActivity
11-13 22:51:55.542   831   857 D AwareLog: iawared: WorkingsetPause com.android.todolist/.ListActivity
11-13 22:51:55.681   662   755 E BufferQueueProducer: [com.android.todolist/com.android.todolist.MainActivity#0]:1338: disconnect: not connected (req=1)
11-13 22:51:55.698  1166  5333 V WindowManager: notifyAppStopped: AppWindowToken{d655058 token=Token{5c9213b ActivityRecord{3f5ebca u0 com.android.todolist/.MainActivity t9164}}}
11-13 22:51:55.698  1166  5333 E WindowManager: win=Window{f0b1a04 u0 com.android.todolist/com.android.todolist.MainActivity} destroySurfaces: appStopped=true win.mWindowRemovalAllowed=false win.mRemoveOnExit=false
11-13 22:51:57.398  1166  5333 W NotificationService: Toast already killed. pkg=com.android.todolist callback=android.app.ITransientNotification$Stub$Proxy@65d142
11-13 22:51:57.433  1166  1388 I DebugKeepScreenOn: Releasing screen wakelock, obscured by Window{acc611d u0 com.android.todolist/com.android.todolist.ListActivity}
11-13 22:51:57.542   831   857 D AwareLog: iawared: WorkingsetProcessCommand subCmd = 357, userId=10220, pid=12041, com.android.todolist/.ListActivity
11-13 22:51:57.543   831   857 D AwareLog: iawared: WorkingsetPauseCollect com.android.todolist/.ListActivity
11-13 22:51:57.626  1166  5333 I ActivityTaskManager: START u0 {hwFlg=0x10 cmp=com.android.todolist/.MainActivity} from uid 10220
11-13 22:51:57.628  1166  5333 I ActivityTaskManager: ActivityRecord info: ActivityInfo{a1b70d9 com.android.todolist.MainActivity}
11-13 22:51:57.629  1166  5333 I HwActivityTaskManagerServiceEx: packageName:com.android.todolist,requestCode:-1,isIntercepted:false,userId:0
11-13 22:51:57.629  1166  5333 I HwActivityTaskManagerServiceEx: callingPackage:com.android.todolist
11-13 22:51:57.629  1166  5333 D ActivityTaskManager: TaskLaunchParamsModifier:task=null activity=ActivityRecord{d449e90 u0 com.android.todolist/.MainActivity t-1} display-from-source=0 display-id=0 display-windowing-mode=1
11-13 22:51:57.630  1166  5333 D ActivityTaskManager: TaskLaunchParamsModifier:task=null activity=ActivityRecord{d449e90 u0 com.android.todolist/.MainActivity t-1} display-from-source=0 display-id=0 display-windowing-mode=1 activity-options-fullscreen=Rect(0, 0 - 0, 0) inherit-fullscreen non-freeform-display
11-13 22:51:57.633  1166  5333 V ActivityTaskManager: addAppToken: AppWindowToken{383bf8e token=Token{1e79389 ActivityRecord{d449e90 u0 com.android.todolist/.MainActivity t9164}}} task={taskId=9164 appTokens=[AppWindowToken{a3e037b token=Token{203ef0a ActivityRecord{be00aac u0 com.android.todolist/.MainActivity t9164}}}, AppWindowToken{6299910 token=Token{6f2b9d3 ActivityRecord{e4aa7c2 u0 com.android.todolist/.MainActivity t9164}}}, AppWindowToken{58287d6 token=Token{94eaff1 ActivityRecord{72e4b98 u0 com.android.todolist/.MainActivity t9164}}}, AppWindowToken{d655058 token=Token{5c9213b ActivityRecord{3f5ebca u0 com.android.todolist/.MainActivity t9164}}}, AppWindowToken{561f9f5 token=Token{4a02b2c ActivityRecord{21612df u0 com.android.todolist/.ListActivity t9164}}}] mdr=false} at 2147483647
11-13 22:51:57.643   831   857 D AwareLog: iawared: WorkingsetProcessCommand subCmd = 352, userId=10220, pid=12041, com.android.todolist/.ListActivity
11-13 22:51:57.643   831   857 D AwareLog: iawared: WorkingsetStop com.android.todolist/.ListActivity
11-13 22:51:57.645   831   857 D AwareLog: iawared: WorkingsetProcessCommand subCmd = 350, userId=10220, pid=12041, com.android.todolist/.MainActivity
11-13 22:51:57.645   831   857 D AwareLog: iawared: WorkingsetSendPrereadMsg com.android.todolist/.MainActivity
11-13 22:51:57.646   831   857 D AwareLog: iawared: WorkingsetStart com.android.todolist/.MainActivity in monitor0
11-13 22:51:57.652  1166  5333 V ActivityTaskManager: Making visible and scheduling visibility: ActivityRecord{d449e90 u0 com.android.todolist/.MainActivity t9164}
11-13 22:51:57.661 29023 29064 I AppLifeChangeSensor: CAWARENESS: activityPaused componentName = ComponentInfo{com.android.todolist/com.android.todolist.ListActivity}
11-13 22:51:57.661  1166  1438 I HwAudioServiceEx: ComponentInfo : className = com.android.todolist.ListActivity, flag=onPause, isHomeActivity=, isTop=false
11-13 22:51:57.662  1998 12568 D DollieActivityManagerAdapter: [Paused] pid:12041 uid:10220 ComponentInfo{com.android.todolist/com.android.todolist.ListActivity} uidState:2
11-13 22:51:57.712 12041 12041 D ActivityThread: add activity client record, r= ActivityRecord{a4c17ae token=android.os.BinderProxy@61d3b51 {com.android.todolist/com.android.todolist.MainActivity}} token= android.os.BinderProxy@61d3b51
11-13 22:51:57.720  1166  2523 V WindowManager: addWindow: Window{43d2bcb u0 com.android.todolist/com.android.todolist.MainActivity}
11-13 22:51:57.722  1166  1438 I HwAudioServiceEx: ComponentInfo : className = com.android.todolist.MainActivity, flag=onResume, isHomeActivity=, isTop=true
11-13 22:51:57.723 29023 29064 I AppLifeChangeSensor: CAWARENESS: activityResumed componentName = ComponentInfo{com.android.todolist/com.android.todolist.MainActivity}
11-13 22:51:57.724  1998 12568 D DollieActivityManagerAdapter: [Resumed] bg:false pid:12041 uid:10220 ComponentInfo{com.android.todolist/com.android.todolist.MainActivity}
11-13 22:51:57.724  1998 12568 E DollieAdapterService: notifyActivityState pkg:com.android.todolist/com.android.todolist.MainActivity state:2 fg:true mUid:10220
11-13 22:51:57.730 12041 12930 D HiTouch_PressGestureDetector: onAttached, package=com.android.todolist, windowType=1, mHiTouchRestricted=false
11-13 22:51:57.782  1166  1385 I StatusBarDisable: setFlags what=0 which=1 pkg=Window{43d2bcb u0 com.android.todolist/com.android.todolist.MainActivity}
11-13 22:51:57.837  1166  1388 D HwWindowManagerServiceEx: is app exit to launcher info: transit = 6, app = AppWindowToken{561f9f5 token=Token{4a02b2c ActivityRecord{21612df u0 com.android.todolist/.ListActivity t9164}}}, window = Window{acc611d u0 com.android.todolist/com.android.todolist.ListActivity}, mClosingApps = {AppWindowToken{561f9f5 token=Token{4a02b2c ActivityRecord{21612df u0 com.android.todolist/.ListActivity t9164}}}}, topOpeningApp = AppWindowToken{383bf8e token=Token{1e79389 ActivityRecord{d449e90 u0 com.android.todolist/.MainActivity t9164}}}, mExitIconBitmap = null, mExitIconHeight = -1, mExitIconWidth = -1
11-13 22:51:57.841  1166  1388 D HwWindowManagerServiceEx: is app exit to launcher info: transit = 6, app = AppWindowToken{383bf8e token=Token{1e79389 ActivityRecord{d449e90 u0 com.android.todolist/.MainActivity t9164}}}, window = Window{43d2bcb u0 com.android.todolist/com.android.todolist.MainActivity}, mClosingApps = {AppWindowToken{561f9f5 token=Token{4a02b2c ActivityRecord{21612df u0 com.android.todolist/.ListActivity t9164}}}}, topOpeningApp = AppWindowToken{383bf8e token=Token{1e79389 ActivityRecord{d449e90 u0 com.android.todolist/.MainActivity t9164}}}, mExitIconBitmap = null, mExitIconHeight = -1, mExitIconWidth = -1
11-13 22:51:57.847   831   857 D AwareLog: iawared: WorkingsetProcessCommand subCmd = 351, userId=10220, pid=12041, com.android.todolist/.MainActivity
11-13 22:51:57.847   831   857 D AwareLog: iawared: WorkingsetPause com.android.todolist/.MainActivity
11-13 22:51:57.974   662  2545 E BufferQueueProducer: [com.android.todolist/com.android.todolist.ListActivity#0]:1338: disconnect: not connected (req=1)
11-13 22:51:57.986 12041 12041 D ActivityThread: Remove activity client record, r= ActivityRecord{24f2173 token=android.os.BinderProxy@16a6c6b {com.android.todolist/com.android.todolist.ListActivity}} token= android.os.BinderProxy@16a6c6b
11-13 22:51:57.991  1166  5333 V WindowManager: removeIfPossible: Window{acc611d u0 com.android.todolist/com.android.todolist.ListActivity} callers=com.android.server.wm.WindowState.removeIfPossible:2260 com.android.server.wm.WindowManagerService.removeWindow:2027 com.android.server.wm.Session.remove:176 android.view.IWindowSession$Stub.onTransact:634 com.android.server.wm.Session.onTransact:134 
11-13 22:51:57.992  1166  5333 V WindowManager: postWindowRemoveCleanupLocked: Window{acc611d u0 com.android.todolist/com.android.todolist.ListActivity}
11-13 22:51:57.992  1166  5333 V WindowManager: Removing Window{acc611d u0 com.android.todolist/com.android.todolist.ListActivity} from AppWindowToken{561f9f5 token=Token{4a02b2c ActivityRecord{21612df u0 com.android.todolist/.ListActivity t9164}}}
11-13 22:51:57.996  1166  5333 V WindowManager: removeAppToken: AppWindowToken{561f9f5 token=Token{4a02b2c ActivityRecord{21612df u0 com.android.todolist/.ListActivity t9164}}} delayed=false Callers=com.android.server.wm.DisplayContent.removeAppToken:1204 com.android.server.wm.ActivityRecord.removeWindowContainer:1306 com.android.server.wm.ActivityStack.removeActivityFromHistoryLocked:4927 com.android.server.wm.ActivityStack.activityDestroyedLocked:5218 
11-13 22:51:59.848   831   857 D AwareLog: iawared: WorkingsetProcessCommand subCmd = 357, userId=10220, pid=12041, com.android.todolist/.MainActivity
11-13 22:51:59.848   831   857 D AwareLog: iawared: WorkingsetPauseCollect com.android.todolist/.MainActivity
11-13 22:52:05.850   831   857 D AwareLog: iawared: WorkingsetProcessCommand subCmd = 352, userId=10220, pid=12041, com.android.todolist/.MainActivity
11-13 22:52:05.850   831   857 D AwareLog: iawared: WorkingsetStop com.android.todolist/.MainActivity
11-13 22:52:08.492  1166  2523 I ActivityTaskManager: START u0 {hwFlg=0x10 cmp=com.android.todolist/.ListActivity (has extras)} from uid 10220
11-13 22:52:08.496  1166  2523 I ActivityTaskManager: ActivityRecord info: ActivityInfo{3804f37 com.android.todolist.ListActivity}
11-13 22:52:08.497  1166  2523 I HwActivityTaskManagerServiceEx: packageName:com.android.todolist,requestCode:-1,isIntercepted:false,userId:0
11-13 22:52:08.497  1166  2523 I HwActivityTaskManagerServiceEx: callingPackage:com.android.todolist
11-13 22:52:08.497  1166  2523 D ActivityTaskManager: TaskLaunchParamsModifier:task=null activity=ActivityRecord{5e46bab u0 com.android.todolist/.ListActivity t-1} display-from-source=0 display-id=0 display-windowing-mode=1
11-13 22:52:08.498  1166  2523 D ActivityTaskManager: TaskLaunchParamsModifier:task=null activity=ActivityRecord{5e46bab u0 com.android.todolist/.ListActivity t-1} display-from-source=0 display-id=0 display-windowing-mode=1 activity-options-fullscreen=Rect(0, 0 - 0, 0) non-freeform-display maximized-bounds
11-13 22:52:08.502  1166  2523 V ActivityTaskManager: addAppToken: AppWindowToken{f871da1 token=Token{c522208 ActivityRecord{5e46bab u0 com.android.todolist/.ListActivity t9164}}} task={taskId=9164 appTokens=[AppWindowToken{a3e037b token=Token{203ef0a ActivityRecord{be00aac u0 com.android.todolist/.MainActivity t9164}}}, AppWindowToken{6299910 token=Token{6f2b9d3 ActivityRecord{e4aa7c2 u0 com.android.todolist/.MainActivity t9164}}}, AppWindowToken{58287d6 token=Token{94eaff1 ActivityRecord{72e4b98 u0 com.android.todolist/.MainActivity t9164}}}, AppWindowToken{d655058 token=Token{5c9213b ActivityRecord{3f5ebca u0 com.android.todolist/.MainActivity t9164}}}, AppWindowToken{383bf8e token=Token{1e79389 ActivityRecord{d449e90 u0 com.android.todolist/.MainActivity t9164}}}] mdr=false} at 2147483647
11-13 22:52:08.511   831   857 D AwareLog: iawared: WorkingsetProcessCommand subCmd = 350, userId=10220, pid=12041, com.android.todolist/.ListActivity
11-13 22:52:08.511   831   857 D AwareLog: iawared: WorkingsetSendPrereadMsg com.android.todolist/.ListActivity
11-13 22:52:08.511   831   857 D AwareLog: iawared: WorkingsetStart com.android.todolist/.ListActivity in monitor0
11-13 22:52:08.528  1166  2523 V ActivityTaskManager: Making visible and scheduling visibility: ActivityRecord{5e46bab u0 com.android.todolist/.ListActivity t9164}
11-13 22:52:08.538  1166  1438 I HwAudioServiceEx: ComponentInfo : className = com.android.todolist.MainActivity, flag=onPause, isHomeActivity=, isTop=false
11-13 22:52:08.539 29023 29064 I AppLifeChangeSensor: CAWARENESS: activityPaused componentName = ComponentInfo{com.android.todolist/com.android.todolist.MainActivity}
11-13 22:52:08.540  1998 12568 D DollieActivityManagerAdapter: [Paused] pid:12041 uid:10220 ComponentInfo{com.android.todolist/com.android.todolist.MainActivity} uidState:2
11-13 22:52:08.612 12041 12041 D ActivityThread: add activity client record, r= ActivityRecord{1dd557 token=android.os.BinderProxy@8a2ec63 {com.android.todolist/com.android.todolist.ListActivity}} token= android.os.BinderProxy@8a2ec63
11-13 22:52:08.619  1166  5333 V WindowManager: addWindow: Window{251f5aa u0 com.android.todolist/com.android.todolist.ListActivity}
11-13 22:52:08.621  1166  1438 I HwAudioServiceEx: ComponentInfo : className = com.android.todolist.ListActivity, flag=onResume, isHomeActivity=, isTop=true
11-13 22:52:08.621 29023 29064 I AppLifeChangeSensor: CAWARENESS: activityResumed componentName = ComponentInfo{com.android.todolist/com.android.todolist.ListActivity}
11-13 22:52:08.622  1998 12568 D DollieActivityManagerAdapter: [Resumed] bg:false pid:12041 uid:10220 ComponentInfo{com.android.todolist/com.android.todolist.ListActivity}
11-13 22:52:08.622  1998 12568 E DollieAdapterService: notifyActivityState pkg:com.android.todolist/com.android.todolist.ListActivity state:2 fg:true mUid:10220
11-13 22:52:08.627 12041 12948 D HiTouch_PressGestureDetector: onAttached, package=com.android.todolist, windowType=1, mHiTouchRestricted=false
11-13 22:52:08.638  1166  1385 I StatusBarDisable: setFlags what=0 which=1 pkg=Window{251f5aa u0 com.android.todolist/com.android.todolist.ListActivity}
11-13 22:52:08.663  1166  1388 D HwWindowManagerServiceEx: is app exit to launcher info: transit = 6, app = AppWindowToken{383bf8e token=Token{1e79389 ActivityRecord{d449e90 u0 com.android.todolist/.MainActivity t9164}}}, window = Window{43d2bcb u0 com.android.todolist/com.android.todolist.MainActivity}, mClosingApps = {AppWindowToken{383bf8e token=Token{1e79389 ActivityRecord{d449e90 u0 com.android.todolist/.MainActivity t9164}}}}, topOpeningApp = AppWindowToken{f871da1 token=Token{c522208 ActivityRecord{5e46bab u0 com.android.todolist/.ListActivity t9164}}}, mExitIconBitmap = null, mExitIconHeight = -1, mExitIconWidth = -1
11-13 22:52:08.667  1166  1388 D HwWindowManagerServiceEx: is app exit to launcher info: transit = 6, app = AppWindowToken{f871da1 token=Token{c522208 ActivityRecord{5e46bab u0 com.android.todolist/.ListActivity t9164}}}, window = Window{251f5aa u0 com.android.todolist/com.android.todolist.ListActivity}, mClosingApps = {AppWindowToken{383bf8e token=Token{1e79389 ActivityRecord{d449e90 u0 com.android.todolist/.MainActivity t9164}}}}, topOpeningApp = AppWindowToken{f871da1 token=Token{c522208 ActivityRecord{5e46bab u0 com.android.todolist/.ListActivity t9164}}}, mExitIconBitmap = null, mExitIconHeight = -1, mExitIconWidth = -1
11-13 22:52:08.670   831   857 D AwareLog: iawared: WorkingsetProcessCommand subCmd = 351, userId=10220, pid=12041, com.android.todolist/.ListActivity
11-13 22:52:08.670   831   857 D AwareLog: iawared: WorkingsetPause com.android.todolist/.ListActivity
11-13 22:52:08.798   662   758 E BufferQueueProducer: [com.android.todolist/com.android.todolist.MainActivity#0]:1338: disconnect: not connected (req=1)
11-13 22:52:08.832  1166  5333 V WindowManager: notifyAppStopped: AppWindowToken{383bf8e token=Token{1e79389 ActivityRecord{d449e90 u0 com.android.todolist/.MainActivity t9164}}}
11-13 22:52:08.832  1166  5333 E WindowManager: win=Window{43d2bcb u0 com.android.todolist/com.android.todolist.MainActivity} destroySurfaces: appStopped=true win.mWindowRemovalAllowed=false win.mRemoveOnExit=false
11-13 22:52:09.854  1166  5333 I ActivityTaskManager: START u0 {hwFlg=0x10 cmp=com.android.todolist/.MainActivity} from uid 10220
11-13 22:52:09.860  1166  5333 I ActivityTaskManager: ActivityRecord info: ActivityInfo{a1b70d9 com.android.todolist.MainActivity}
11-13 22:52:09.860  1166  5333 I HwActivityTaskManagerServiceEx: packageName:com.android.todolist,requestCode:-1,isIntercepted:false,userId:0
11-13 22:52:09.860  1166  5333 I HwActivityTaskManagerServiceEx: callingPackage:com.android.todolist
11-13 22:52:09.861  1166  5333 D ActivityTaskManager: TaskLaunchParamsModifier:task=null activity=ActivityRecord{84adc7c u0 com.android.todolist/.MainActivity t-1} display-from-source=0 display-id=0 display-windowing-mode=1
11-13 22:52:09.864  1166  5333 D ActivityTaskManager: TaskLaunchParamsModifier:task=null activity=ActivityRecord{84adc7c u0 com.android.todolist/.MainActivity t-1} display-from-source=0 display-id=0 display-windowing-mode=1 activity-options-fullscreen=Rect(0, 0 - 0, 0) inherit-fullscreen non-freeform-display
11-13 22:52:09.867  1166  5333 V ActivityTaskManager: addAppToken: AppWindowToken{1ab1d5a token=Token{af5d905 ActivityRecord{84adc7c u0 com.android.todolist/.MainActivity t9164}}} task={taskId=9164 appTokens=[AppWindowToken{a3e037b token=Token{203ef0a ActivityRecord{be00aac u0 com.android.todolist/.MainActivity t9164}}}, AppWindowToken{6299910 token=Token{6f2b9d3 ActivityRecord{e4aa7c2 u0 com.android.todolist/.MainActivity t9164}}}, AppWindowToken{58287d6 token=Token{94eaff1 ActivityRecord{72e4b98 u0 com.android.todolist/.MainActivity t9164}}}, AppWindowToken{d655058 token=Token{5c9213b ActivityRecord{3f5ebca u0 com.android.todolist/.MainActivity t9164}}}, AppWindowToken{383bf8e token=Token{1e79389 ActivityRecord{d449e90 u0 com.android.todolist/.MainActivity t9164}}}, AppWindowToken{f871da1 token=Token{c522208 ActivityRecord{5e46bab u0 com.android.todolist/.ListActivity t9164}}}] mdr=false} at 2147483647
11-13 22:52:09.876   831   857 D AwareLog: iawared: WorkingsetProcessCommand subCmd = 352, userId=10220, pid=12041, com.android.todolist/.ListActivity
11-13 22:52:09.876   831   857 D AwareLog: iawared: WorkingsetStop com.android.todolist/.ListActivity
11-13 22:52:09.877   831   857 D AwareLog: iawared: WorkingsetProcessCommand subCmd = 350, userId=10220, pid=12041, com.android.todolist/.MainActivity
11-13 22:52:09.879   831   857 D AwareLog: iawared: WorkingsetSendPrereadMsg com.android.todolist/.MainActivity
11-13 22:52:09.879   831   857 D AwareLog: iawared: WorkingsetStart com.android.todolist/.MainActivity in monitor0
11-13 22:52:09.885  1166  2523 V ActivityTaskManager: Making visible and scheduling visibility: ActivityRecord{84adc7c u0 com.android.todolist/.MainActivity t9164}
11-13 22:52:09.894  1166  1438 I HwAudioServiceEx: ComponentInfo : className = com.android.todolist.ListActivity, flag=onPause, isHomeActivity=, isTop=false
11-13 22:52:09.894  1998 12568 D DollieActivityManagerAdapter: [Paused] pid:12041 uid:10220 ComponentInfo{com.android.todolist/com.android.todolist.ListActivity} uidState:2
11-13 22:52:09.894 29023 29064 I AppLifeChangeSensor: CAWARENESS: activityPaused componentName = ComponentInfo{com.android.todolist/com.android.todolist.ListActivity}
11-13 22:52:09.941 12041 12041 D ActivityThread: add activity client record, r= ActivityRecord{abf5fe2 token=android.os.BinderProxy@564b40c {com.android.todolist/com.android.todolist.MainActivity}} token= android.os.BinderProxy@564b40c
11-13 22:52:09.951  1166  1743 V WindowManager: addWindow: Window{fe03f14 u0 com.android.todolist/com.android.todolist.MainActivity}
11-13 22:52:09.953  1166  1438 I HwAudioServiceEx: ComponentInfo : className = com.android.todolist.MainActivity, flag=onResume, isHomeActivity=, isTop=true
11-13 22:52:09.954 29023 29064 I AppLifeChangeSensor: CAWARENESS: activityResumed componentName = ComponentInfo{com.android.todolist/com.android.todolist.MainActivity}
11-13 22:52:09.955  1998 12568 D DollieActivityManagerAdapter: [Resumed] bg:false pid:12041 uid:10220 ComponentInfo{com.android.todolist/com.android.todolist.MainActivity}
11-13 22:52:09.955  1998 12568 E DollieAdapterService: notifyActivityState pkg:com.android.todolist/com.android.todolist.MainActivity state:2 fg:true mUid:10220
11-13 22:52:09.958 12041 12953 D HiTouch_PressGestureDetector: onAttached, package=com.android.todolist, windowType=1, mHiTouchRestricted=false
11-13 22:52:10.001  1166  1385 I StatusBarDisable: setFlags what=0 which=1 pkg=Window{fe03f14 u0 com.android.todolist/com.android.todolist.MainActivity}
11-13 22:52:10.051  1166  1388 D HwWindowManagerServiceEx: is app exit to launcher info: transit = 6, app = AppWindowToken{f871da1 token=Token{c522208 ActivityRecord{5e46bab u0 com.android.todolist/.ListActivity t9164}}}, window = Window{251f5aa u0 com.android.todolist/com.android.todolist.ListActivity}, mClosingApps = {AppWindowToken{f871da1 token=Token{c522208 ActivityRecord{5e46bab u0 com.android.todolist/.ListActivity t9164}}}}, topOpeningApp = AppWindowToken{1ab1d5a token=Token{af5d905 ActivityRecord{84adc7c u0 com.android.todolist/.MainActivity t9164}}}, mExitIconBitmap = null, mExitIconHeight = -1, mExitIconWidth = -1
11-13 22:52:10.055  1166  1388 D HwWindowManagerServiceEx: is app exit to launcher info: transit = 6, app = AppWindowToken{1ab1d5a token=Token{af5d905 ActivityRecord{84adc7c u0 com.android.todolist/.MainActivity t9164}}}, window = Window{fe03f14 u0 com.android.todolist/com.android.todolist.MainActivity}, mClosingApps = {AppWindowToken{f871da1 token=Token{c522208 ActivityRecord{5e46bab u0 com.android.todolist/.ListActivity t9164}}}}, topOpeningApp = AppWindowToken{1ab1d5a token=Token{af5d905 ActivityRecord{84adc7c u0 com.android.todolist/.MainActivity t9164}}}, mExitIconBitmap = null, mExitIconHeight = -1, mExitIconWidth = -1
11-13 22:52:10.063   831   857 D AwareLog: iawared: WorkingsetProcessCommand subCmd = 351, userId=10220, pid=12041, com.android.todolist/.MainActivity
11-13 22:52:10.063   831   857 D AwareLog: iawared: WorkingsetPause com.android.todolist/.MainActivity
11-13 22:52:10.195   662   758 E BufferQueueProducer: [com.android.todolist/com.android.todolist.ListActivity#0]:1338: disconnect: not connected (req=1)
11-13 22:52:10.206 12041 12041 D ActivityThread: Remove activity client record, r= ActivityRecord{1dd557 token=android.os.BinderProxy@8a2ec63 {com.android.todolist/com.android.todolist.ListActivity}} token= android.os.BinderProxy@8a2ec63
11-13 22:52:10.209  1166  1743 V WindowManager: removeIfPossible: Window{251f5aa u0 com.android.todolist/com.android.todolist.ListActivity} callers=com.android.server.wm.WindowState.removeIfPossible:2260 com.android.server.wm.WindowManagerService.removeWindow:2027 com.android.server.wm.Session.remove:176 android.view.IWindowSession$Stub.onTransact:634 com.android.server.wm.Session.onTransact:134 
11-13 22:52:10.210  1166  1743 V WindowManager: postWindowRemoveCleanupLocked: Window{251f5aa u0 com.android.todolist/com.android.todolist.ListActivity}
11-13 22:52:10.210  1166  1743 V WindowManager: Removing Window{251f5aa u0 com.android.todolist/com.android.todolist.ListActivity} from AppWindowToken{f871da1 token=Token{c522208 ActivityRecord{5e46bab u0 com.android.todolist/.ListActivity t9164}}}
11-13 22:52:10.214  1166  1743 V WindowManager: removeAppToken: AppWindowToken{f871da1 token=Token{c522208 ActivityRecord{5e46bab u0 com.android.todolist/.ListActivity t9164}}} delayed=false Callers=com.android.server.wm.DisplayContent.removeAppToken:1204 com.android.server.wm.ActivityRecord.removeWindowContainer:1306 com.android.server.wm.ActivityStack.removeActivityFromHistoryLocked:4927 com.android.server.wm.ActivityStack.activityDestroyedLocked:5218 
11-13 22:52:10.536  1166  5333 W NotificationService: Toast already killed. pkg=com.android.todolist callback=android.app.ITransientNotification$Stub$Proxy@582f657
11-13 22:52:10.585  1166  1388 I DebugKeepScreenOn: Releasing screen wakelock, obscured by Window{fe03f14 u0 com.android.todolist/com.android.todolist.MainActivity}
11-13 22:52:11.218  1166  2523 I ActivityTaskManager: START u0 {hwFlg=0x10 cmp=com.android.todolist/.ListActivity (has extras)} from uid 10220
11-13 22:52:11.220  1166  2523 I ActivityTaskManager: ActivityRecord info: ActivityInfo{3804f37 com.android.todolist.ListActivity}
11-13 22:52:11.220  1166  2523 I HwActivityTaskManagerServiceEx: packageName:com.android.todolist,requestCode:-1,isIntercepted:false,userId:0
11-13 22:52:11.220  1166  2523 I HwActivityTaskManagerServiceEx: callingPackage:com.android.todolist
11-13 22:52:11.221  1166  2523 D ActivityTaskManager: TaskLaunchParamsModifier:task=null activity=ActivityRecord{cdec1b0 u0 com.android.todolist/.ListActivity t-1} display-from-source=0 display-id=0 display-windowing-mode=1
11-13 22:52:11.222  1166  2523 D ActivityTaskManager: TaskLaunchParamsModifier:task=null activity=ActivityRecord{cdec1b0 u0 com.android.todolist/.ListActivity t-1} display-from-source=0 display-id=0 display-windowing-mode=1 activity-options-fullscreen=Rect(0, 0 - 0, 0) non-freeform-display maximized-bounds
