11-13 22:52:11.224  1166  2523 V ActivityTaskManager: addAppToken: AppWindowToken{d1d67ae token=Token{7fc4829 ActivityRecord{cdec1b0 u0 com.android.todolist/.ListActivity t9164}}} task={taskId=9164 appTokens=[AppWindowToken{a3e037b token=Token{203ef0a ActivityRecord{be00aac u0 com.android.todolist/.MainActivity t9164}}}, AppWindowToken{6299910 token=Token{6f2b9d3 ActivityRecord{e4aa7c2 u0 com.android.todolist/.MainActivity t9164}}}, AppWindowToken{58287d6 token=Token{94eaff1 ActivityRecord{72e4b98 u0 com.android.todolist/.MainActivity t9164}}}, AppWindowToken{d655058 token=Token{5c9213b ActivityRecord{3f5ebca u0 com.android.todolist/.MainActivity t9164}}}, AppWindowToken{383bf8e token=Token{1e79389 ActivityRecord{d449e90 u0 com.android.todolist/.MainActivity t9164}}}, AppWindowToken{1ab1d5a token=Token{af5d905 ActivityRecord{84adc7c u0 com.android.todolist/.MainActivity t9164}}}] mdr=false} at 2147483647
11-13 22:52:11.236   831   857 D AwareLog: iawared: WorkingsetProcessCommand subCmd = 352, userId=10220, pid=12041, com.android.todolist/.MainActivity
11-13 22:52:11.237   831   857 D AwareLog: iawared: WorkingsetStop com.android.todolist/.MainActivity
11-13 22:52:11.240   831   857 D AwareLog: iawared: WorkingsetProcessCommand subCmd = 350, userId=10220, pid=12041, com.android.todolist/.ListActivity
11-13 22:52:11.240   831   857 D AwareLog: iawared: WorkingsetSendPrereadMsg com.android.todolist/.ListActivity
11-13 22:52:11.242   831   857 D AwareLog: iawared: WorkingsetStart com.android.todolist/.ListActivity in monitor0
11-13 22:52:11.246  1166  2523 V ActivityTaskManager: Making visible and scheduling visibility: ActivityRecord{cdec1b0 u0 com.android.todolist/.ListActivity t9164}
11-13 22:52:11.256  1166  1438 I HwAudioServiceEx: ComponentInfo : className = com.android.todolist.MainActivity, flag=onPause, isHomeActivity=, isTop=false
11-13 22:52:11.257 29023 29064 I AppLifeChangeSensor: CAWARENESS: activityPaused componentName = ComponentInfo{com.android.todolist/com.android.todolist.MainActivity}
11-13 22:52:11.259  1998 12568 D DollieActivityManagerAdapter: [Paused] pid:12041 uid:10220 ComponentInfo{com.android.todolist/com.android.todolist.MainActivity} uidState:2
11-13 22:52:11.344 12041 12041 D ActivityThread: add activity client record, r= ActivityRecord{a4388eb token=android.os.BinderProxy@80edae3 {com.android.todolist/com.android.todolist.ListActivity}} token= android.os.BinderProxy@80edae3
11-13 22:52:11.352  1166  1743 V WindowManager: addWindow: Window{7e9ace3 u0 com.android.todolist/com.android.todolist.ListActivity}
11-13 22:52:11.354  1166  1438 I HwAudioServiceEx: ComponentInfo : className = com.android.todolist.ListActivity, flag=onResume, isHomeActivity=, isTop=true
11-13 22:52:11.354 29023 29064 I AppLifeChangeSensor: CAWARENESS: activityResumed componentName = ComponentInfo{com.android.todolist/com.android.todolist.ListActivity}
11-13 22:52:11.354  1998 12568 D DollieActivityManagerAdapter: [Resumed] bg:false pid:12041 uid:10220 ComponentInfo{com.android.todolist/com.android.todolist.ListActivity}
11-13 22:52:11.354  1998 12568 E DollieAdapterService: notifyActivityState pkg:com.android.todolist/com.android.todolist.ListActivity state:2 fg:true mUid:10220
11-13 22:52:11.362 12041 12957 D HiTouch_PressGestureDetector: onAttached, package=com.android.todolist, windowType=1, mHiTouchRestricted=false
11-13 22:52:11.370  1166  1385 I StatusBarDisable: setFlags what=0 which=1 pkg=Window{7e9ace3 u0 com.android.todolist/com.android.todolist.ListActivity}
11-13 22:52:11.397  1166  1388 D HwWindowManagerServiceEx: is app exit to launcher info: transit = 6, app = AppWindowToken{1ab1d5a token=Token{af5d905 ActivityRecord{84adc7c u0 com.android.todolist/.MainActivity t9164}}}, window = Window{fe03f14 u0 com.android.todolist/com.android.todolist.MainActivity}, mClosingApps = {AppWindowToken{1ab1d5a token=Token{af5d905 ActivityRecord{84adc7c u0 com.android.todolist/.MainActivity t9164}}}}, topOpeningApp = AppWindowToken{d1d67ae token=Token{7fc4829 ActivityRecord{cdec1b0 u0 com.android.todolist/.ListActivity t9164}}}, mExitIconBitmap = null, mExitIconHeight = -1, mExitIconWidth = -1
11-13 22:52:11.401  1166  1388 D HwWindowManagerServiceEx: is app exit to launcher info: transit = 6, app = AppWindowToken{d1d67ae token=Token{7fc4829 ActivityRecord{cdec1b0 u0 com.android.todolist/.ListActivity t9164}}}, window = Window{7e9ace3 u0 com.android.todolist/com.android.todolist.ListActivity}, mClosingApps = {AppWindowToken{1ab1d5a token=Token{af5d905 ActivityRecord{84adc7c u0 com.android.todolist/.MainActivity t9164}}}}, topOpeningApp = AppWindowToken{d1d67ae token=Token{7fc4829 ActivityRecord{cdec1b0 u0 com.android.todolist/.ListActivity t9164}}}, mExitIconBitmap = null, mExitIconHeight = -1, mExitIconWidth = -1
11-13 22:52:11.405   831   857 D AwareLog: iawared: WorkingsetProcessCommand subCmd = 351, userId=10220, pid=12041, com.android.todolist/.ListActivity
11-13 22:52:11.405   831   857 D AwareLog: iawared: WorkingsetPause com.android.todolist/.ListActivity
11-13 22:52:11.542   662  2545 E BufferQueueProducer: [com.android.todolist/com.android.todolist.MainActivity#0]:1338: disconnect: not connected (req=1)
11-13 22:52:11.560  1166  1743 V WindowManager: notifyAppStopped: AppWindowToken{1ab1d5a token=Token{af5d905 ActivityRecord{84adc7c u0 com.android.todolist/.MainActivity t9164}}}
11-13 22:52:11.560  1166  1743 E WindowManager: win=Window{fe03f14 u0 com.android.todolist/com.android.todolist.MainActivity} destroySurfaces: appStopped=true win.mWindowRemovalAllowed=false win.mRemoveOnExit=false
11-13 22:52:12.550  1166  1743 I ActivityTaskManager: START u0 {hwFlg=0x10 cmp=com.android.todolist/.MainActivity} from uid 10220
11-13 22:52:12.553  1166  1743 I ActivityTaskManager: ActivityRecord info: ActivityInfo{a1b70d9 com.android.todolist.MainActivity}
11-13 22:52:12.553  1166  1743 I HwActivityTaskManagerServiceEx: packageName:com.android.todolist,requestCode:-1,isIntercepted:false,userId:0
11-13 22:52:12.553  1166  1743 I HwActivityTaskManagerServiceEx: callingPackage:com.android.todolist
11-13 22:52:12.554  1166  1743 D ActivityTaskManager: TaskLaunchParamsModifier:task=null activity=ActivityRecord{50f94d3 u0 com.android.todolist/.MainActivity t-1} display-from-source=0 display-id=0 display-windowing-mode=1
11-13 22:52:12.554  1166  1743 D ActivityTaskManager: TaskLaunchParamsModifier:task=null activity=ActivityRecord{50f94d3 u0 com.android.todolist/.MainActivity t-1} display-from-source=0 display-id=0 display-windowing-mode=1 activity-options-fullscreen=Rect(0, 0 - 0, 0) inherit-fullscreen non-freeform-display
11-13 22:52:12.557  1166  1743 V ActivityTaskManager: addAppToken: AppWindowToken{a4d0f09 token=Token{52cd810 ActivityRecord{50f94d3 u0 com.android.todolist/.MainActivity t9164}}} task={taskId=9164 appTokens=[AppWindowToken{a3e037b token=Token{203ef0a ActivityRecord{be00aac u0 com.android.todolist/.MainActivity t9164}}}, AppWindowToken{6299910 token=Token{6f2b9d3 ActivityRecord{e4aa7c2 u0 com.android.todolist/.MainActivity t9164}}}, AppWindowToken{58287d6 token=Token{94eaff1 ActivityRecord{72e4b98 u0 com.android.todolist/.MainActivity t9164}}}, AppWindowToken{d655058 token=Token{5c9213b ActivityRecord{3f5ebca u0 com.android.todolist/.MainActivity t9164}}}, AppWindowToken{383bf8e token=Token{1e79389 ActivityRecord{d449e90 u0 com.android.todolist/.MainActivity t9164}}}, AppWindowToken{1ab1d5a token=Token{af5d905 ActivityRecord{84adc7c u0 com.android.todolist/.MainActivity t9164}}}, AppWindowToken{d1d67ae token=Token{7fc4829 ActivityRecord{cdec1b0 u0 com.android.todolist/.ListActivity t9164}}}] mdr=false} at 2147483647
11-13 22:52:12.569   831   857 D AwareLog: iawared: WorkingsetProcessCommand subCmd = 352, userId=10220, pid=12041, com.android.todolist/.ListActivity
11-13 22:52:12.569   831   857 D AwareLog: iawared: WorkingsetStop com.android.todolist/.ListActivity
11-13 22:52:12.571   831   857 D AwareLog: iawared: WorkingsetProcessCommand subCmd = 350, userId=10220, pid=12041, com.android.todolist/.MainActivity
11-13 22:52:12.571   831   857 D AwareLog: iawared: WorkingsetSendPrereadMsg com.android.todolist/.MainActivity
11-13 22:52:12.571   831   857 D AwareLog: iawared: WorkingsetStart com.android.todolist/.MainActivity in monitor0
11-13 22:52:12.576  1166  2523 V ActivityTaskManager: Making visible and scheduling visibility: ActivityRecord{50f94d3 u0 com.android.todolist/.MainActivity t9164}
11-13 22:52:12.585 29023 29064 I AppLifeChangeSensor: CAWARENESS: activityPaused componentName = ComponentInfo{com.android.todolist/com.android.todolist.ListActivity}
11-13 22:52:12.585  1166  1438 I HwAudioServiceEx: ComponentInfo : className = com.android.todolist.ListActivity, flag=onPause, isHomeActivity=, isTop=false
11-13 22:52:12.586  1998 12568 D DollieActivityManagerAdapter: [Paused] pid:12041 uid:10220 ComponentInfo{com.android.todolist/com.android.todolist.ListActivity} uidState:2
11-13 22:52:12.637 12041 12041 D ActivityThread: add activity client record, r= ActivityRecord{5f48f86 token=android.os.BinderProxy@bf62790 {com.android.todolist/com.android.todolist.MainActivity}} token= android.os.BinderProxy@bf62790
11-13 22:52:12.646  1166  5333 V WindowManager: addWindow: Window{5eab41a u0 com.android.todolist/com.android.todolist.MainActivity}
11-13 22:52:12.648  1166  1438 I HwAudioServiceEx: ComponentInfo : className = com.android.todolist.MainActivity, flag=onResume, isHomeActivity=, isTop=true
11-13 22:52:12.649  1998 12568 D DollieActivityManagerAdapter: [Resumed] bg:false pid:12041 uid:10220 ComponentInfo{com.android.todolist/com.android.todolist.MainActivity}
11-13 22:52:12.649  1998 12568 E DollieAdapterService: notifyActivityState pkg:com.android.todolist/com.android.todolist.MainActivity state:2 fg:true mUid:10220
11-13 22:52:12.650 29023 29064 I AppLifeChangeSensor: CAWARENESS: activityResumed componentName = ComponentInfo{com.android.todolist/com.android.todolist.MainActivity}
11-13 22:52:12.656 12041 12960 D HiTouch_PressGestureDetector: onAttached, package=com.android.todolist, windowType=1, mHiTouchRestricted=false
11-13 22:52:12.699  1166  1385 I StatusBarDisable: setFlags what=0 which=1 pkg=Window{5eab41a u0 com.android.todolist/com.android.todolist.MainActivity}
11-13 22:52:12.751  1166  1388 D HwWindowManagerServiceEx: is app exit to launcher info: transit = 6, app = AppWindowToken{d1d67ae token=Token{7fc4829 ActivityRecord{cdec1b0 u0 com.android.todolist/.ListActivity t9164}}}, window = Window{7e9ace3 u0 com.android.todolist/com.android.todolist.ListActivity}, mClosingApps = {AppWindowToken{d1d67ae token=Token{7fc4829 ActivityRecord{cdec1b0 u0 com.android.todolist/.ListActivity t9164}}}}, topOpeningApp = AppWindowToken{a4d0f09 token=Token{52cd810 ActivityRecord{50f94d3 u0 com.android.todolist/.MainActivity t9164}}}, mExitIconBitmap = null, mExitIconHeight = -1, mExitIconWidth = -1
11-13 22:52:12.755  1166  1388 D HwWindowManagerServiceEx: is app exit to launcher info: transit = 6, app = AppWindowToken{a4d0f09 token=Token{52cd810 ActivityRecord{50f94d3 u0 com.android.todolist/.MainActivity t9164}}}, window = Window{5eab41a u0 com.android.todolist/com.android.todolist.MainActivity}, mClosingApps = {AppWindowToken{d1d67ae token=Token{7fc4829 ActivityRecord{cdec1b0 u0 com.android.todolist/.ListActivity t9164}}}}, topOpeningApp = AppWindowToken{a4d0f09 token=Token{52cd810 ActivityRecord{50f94d3 u0 com.android.todolist/.MainActivity t9164}}}, mExitIconBitmap = null, mExitIconHeight = -1, mExitIconWidth = -1
11-13 22:52:12.759   831   857 D AwareLog: iawared: WorkingsetProcessCommand subCmd = 351, userId=10220, pid=12041, com.android.todolist/.MainActivity
11-13 22:52:12.759   831   857 D AwareLog: iawared: WorkingsetPause com.android.todolist/.MainActivity
11-13 22:52:12.888   662  2545 E BufferQueueProducer: [com.android.todolist/com.android.todolist.ListActivity#0]:1338: disconnect: not connected (req=1)
11-13 22:52:12.900 12041 12041 D ActivityThread: Remove activity client record, r= ActivityRecord{a4388eb token=android.os.BinderProxy@80edae3 {com.android.todolist/com.android.todolist.ListActivity}} token= android.os.BinderProxy@80edae3
11-13 22:52:12.903  1166  5333 V WindowManager: removeIfPossible: Window{7e9ace3 u0 com.android.todolist/com.android.todolist.ListActivity} callers=com.android.server.wm.WindowState.removeIfPossible:2260 com.android.server.wm.WindowManagerService.removeWindow:2027 com.android.server.wm.Session.remove:176 android.view.IWindowSession$Stub.onTransact:634 com.android.server.wm.Session.onTransact:134 
11-13 22:52:12.904  1166  5333 V WindowManager: postWindowRemoveCleanupLocked: Window{7e9ace3 u0 com.android.todolist/com.android.todolist.ListActivity}
11-13 22:52:12.904  1166  5333 V WindowManager: Removing Window{7e9ace3 u0 com.android.todolist/com.android.todolist.ListActivity} from AppWindowToken{d1d67ae token=Token{7fc4829 ActivityRecord{cdec1b0 u0 com.android.todolist/.ListActivity t9164}}}
11-13 22:52:12.908  1166  5333 V WindowManager: removeAppToken: AppWindowToken{d1d67ae token=Token{7fc4829 ActivityRecord{cdec1b0 u0 com.android.todolist/.ListActivity t9164}}} delayed=false Callers=com.android.server.wm.DisplayContent.removeAppToken:1204 com.android.server.wm.ActivityRecord.removeWindowContainer:1306 com.android.server.wm.ActivityStack.removeActivityFromHistoryLocked:4927 com.android.server.wm.ActivityStack.activityDestroyedLocked:5218 
11-13 22:52:13.254  1166  5333 W NotificationService: Toast already killed. pkg=com.android.todolist callback=android.app.ITransientNotification$Stub$Proxy@bb2b735
11-13 22:52:13.294  1166  1388 I DebugKeepScreenOn: Releasing screen wakelock, obscured by Window{5eab41a u0 com.android.todolist/com.android.todolist.MainActivity}
11-13 22:52:13.723  1166  2523 V WindowManager: addWindow: Window{a1c2696 u0 com.android.todolist/com.android.todolist.MainActivity}
11-13 22:52:13.732 12041 12961 D HiTouch_PressGestureDetector: onAttached, package=com.android.todolist, windowType=2, mHiTouchRestricted=false
11-13 22:52:13.833  1166  1385 I StatusBarDisable: setFlags what=0 which=1 pkg=Window{a1c2696 u0 com.android.todolist/com.android.todolist.MainActivity}
11-13 22:52:14.759   831   857 D AwareLog: iawared: WorkingsetProcessCommand subCmd = 357, userId=10220, pid=12041, com.android.todolist/.MainActivity
11-13 22:52:14.760   831   857 D AwareLog: iawared: WorkingsetPauseCollect com.android.todolist/.MainActivity
11-13 22:52:14.840 12041 12041 I ResourcesImplEx: The apk asset path = ApkAssets{path=/data/app/com.android.todolist-Zw5QrEwkpKy_PgAs7m97Xw==/base.apk}
11-13 22:52:14.888 12041 12041 I chatty  : uid=10220(com.android.todolist) identical 2 lines
11-13 22:52:14.924  1166  1385 I StatusBarDisable: setFlags what=0 which=1 pkg=Window{a1c2696 u0 com.android.todolist/com.android.todolist.MainActivity}
11-13 22:52:15.052 12962 12962 I HwKeychain: HwAutofillService:onFillRequest: package name: com.android.todolist
11-13 22:52:17.016   662   755 E BufferQueueProducer: [com.android.todolist/com.android.todolist.MainActivity#1]:1338: disconnect: not connected (req=1)
11-13 22:52:17.018  1166  8786 V WindowManager: removeIfPossible: Window{a1c2696 u0 com.android.todolist/com.android.todolist.MainActivity} callers=com.android.server.wm.WindowState.removeIfPossible:2260 com.android.server.wm.WindowManagerService.removeWindow:2027 com.android.server.wm.Session.remove:176 android.view.IWindowSession$Stub.onTransact:634 com.android.server.wm.Session.onTransact:134 
11-13 22:52:17.022  1166  8786 V WindowManager: Not removing Window{a1c2696 u0 com.android.todolist/com.android.todolist.MainActivity EXITING} due to exit animation 
11-13 22:52:17.026